------------------------------------------------------------
TimeQuest Timing Analyzer Summary
------------------------------------------------------------

Type  : Slow 1200mV 85C Model Setup 'clk'
Slack : 12.335
TNS   : 0.000

Type  : Slow 1200mV 85C Model Setup 'clock_50'
Slack : 17.546
TNS   : 0.000

Type  : Slow 1200mV 85C Model Setup 'altera_reserved_tck'
Slack : 43.201
TNS   : 0.000

Type  : Slow 1200mV 85C Model Hold 'altera_reserved_tck'
Slack : 0.401
TNS   : 0.000

Type  : Slow 1200mV 85C Model Hold 'clk'
Slack : 0.419
TNS   : 0.000

Type  : Slow 1200mV 85C Model Hold 'clock_50'
Slack : 0.445
TNS   : 0.000

Type  : Slow 1200mV 85C Model Recovery 'altera_reserved_tck'
Slack : 47.569
TNS   : 0.000

Type  : Slow 1200mV 85C Model Removal 'altera_reserved_tck'
Slack : 1.175
TNS   : 0.000

Type  : Slow 1200mV 85C Model Minimum Pulse Width 'clock_50'
Slack : 9.721
TNS   : 0.000

Type  : Slow 1200mV 85C Model Minimum Pulse Width 'clk'
Slack : 19.625
TNS   : 0.000

Type  : Slow 1200mV 85C Model Minimum Pulse Width 'altera_reserved_tck'
Slack : 49.558
TNS   : 0.000

Type  : Slow 1200mV 0C Model Setup 'clk'
Slack : 12.873
TNS   : 0.000

Type  : Slow 1200mV 0C Model Setup 'clock_50'
Slack : 17.779
TNS   : 0.000

Type  : Slow 1200mV 0C Model Setup 'altera_reserved_tck'
Slack : 43.805
TNS   : 0.000

Type  : Slow 1200mV 0C Model Hold 'altera_reserved_tck'
Slack : 0.353
TNS   : 0.000

Type  : Slow 1200mV 0C Model Hold 'clk'
Slack : 0.378
TNS   : 0.000

Type  : Slow 1200mV 0C Model Hold 'clock_50'
Slack : 0.398
TNS   : 0.000

Type  : Slow 1200mV 0C Model Recovery 'altera_reserved_tck'
Slack : 47.882
TNS   : 0.000

Type  : Slow 1200mV 0C Model Removal 'altera_reserved_tck'
Slack : 1.074
TNS   : 0.000

Type  : Slow 1200mV 0C Model Minimum Pulse Width 'clock_50'
Slack : 9.780
TNS   : 0.000

Type  : Slow 1200mV 0C Model Minimum Pulse Width 'clk'
Slack : 19.656
TNS   : 0.000

Type  : Slow 1200mV 0C Model Minimum Pulse Width 'altera_reserved_tck'
Slack : 49.487
TNS   : 0.000

Type  : Fast 1200mV 0C Model Setup 'clk'
Slack : 15.840
TNS   : 0.000

Type  : Fast 1200mV 0C Model Setup 'clock_50'
Slack : 18.838
TNS   : 0.000

Type  : Fast 1200mV 0C Model Setup 'altera_reserved_tck'
Slack : 46.772
TNS   : 0.000

Type  : Fast 1200mV 0C Model Hold 'altera_reserved_tck'
Slack : 0.180
TNS   : 0.000

Type  : Fast 1200mV 0C Model Hold 'clk'
Slack : 0.187
TNS   : 0.000

Type  : Fast 1200mV 0C Model Hold 'clock_50'
Slack : 0.208
TNS   : 0.000

Type  : Fast 1200mV 0C Model Recovery 'altera_reserved_tck'
Slack : 48.949
TNS   : 0.000

Type  : Fast 1200mV 0C Model Removal 'altera_reserved_tck'
Slack : 0.558
TNS   : 0.000

Type  : Fast 1200mV 0C Model Minimum Pulse Width 'clock_50'
Slack : 9.620
TNS   : 0.000

Type  : Fast 1200mV 0C Model Minimum Pulse Width 'clk'
Slack : 19.752
TNS   : 0.000

Type  : Fast 1200mV 0C Model Minimum Pulse Width 'altera_reserved_tck'
Slack : 49.454
TNS   : 0.000

------------------------------------------------------------
