------------------------------------------------------------
TimeQuest Timing Analyzer Summary
------------------------------------------------------------

Type  : Slow 1200mV 85C Model Setup 'system_clk'
Slack : 13.190
TNS   : 0.000

Type  : Slow 1200mV 85C Model Setup 'input_clock'
Slack : 17.876
TNS   : 0.000

Type  : Slow 1200mV 85C Model Hold 'system_clk'
Slack : 0.317
TNS   : 0.000

Type  : Slow 1200mV 85C Model Hold 'input_clock'
Slack : 0.387
TNS   : 0.000

Type  : Slow 1200mV 85C Model Minimum Pulse Width 'input_clock'
Slack : 9.755
TNS   : 0.000

Type  : Slow 1200mV 85C Model Minimum Pulse Width 'system_clk'
Slack : 19.703
TNS   : 0.000

Type  : Slow 1200mV 0C Model Setup 'system_clk'
Slack : 13.700
TNS   : 0.000

Type  : Slow 1200mV 0C Model Setup 'input_clock'
Slack : 18.065
TNS   : 0.000

Type  : Slow 1200mV 0C Model Hold 'system_clk'
Slack : 0.317
TNS   : 0.000

Type  : Slow 1200mV 0C Model Hold 'input_clock'
Slack : 0.345
TNS   : 0.000

Type  : Slow 1200mV 0C Model Minimum Pulse Width 'input_clock'
Slack : 9.777
TNS   : 0.000

Type  : Slow 1200mV 0C Model Minimum Pulse Width 'system_clk'
Slack : 19.727
TNS   : 0.000

Type  : Fast 1200mV 0C Model Setup 'system_clk'
Slack : 15.866
TNS   : 0.000

Type  : Fast 1200mV 0C Model Setup 'input_clock'
Slack : 18.959
TNS   : 0.000

Type  : Fast 1200mV 0C Model Hold 'system_clk'
Slack : 0.121
TNS   : 0.000

Type  : Fast 1200mV 0C Model Hold 'input_clock'
Slack : 0.168
TNS   : 0.000

Type  : Fast 1200mV 0C Model Minimum Pulse Width 'input_clock'
Slack : 9.438
TNS   : 0.000

Type  : Fast 1200mV 0C Model Minimum Pulse Width 'system_clk'
Slack : 19.711
TNS   : 0.000

------------------------------------------------------------
